Running test 01
**List of minor heap allocated 7 chunks
	chunk 0000	size 252	marked n
	chunk 0001	size 252	marked n
	chunk 0002	size 248	marked n
	chunk 0003	size 004	marked n
	chunk 0004	size 004	marked n
	chunk 0005	size 004	marked n
	chunk 0006	size 008	marked n
**End of minor chunks list
Test 01 completed
Running test 02
**List of minor heap allocated 3 chunks
	chunk 0000	size 004	marked y
	chunk 0001	size 004	marked n
	chunk 0002	size 004	marked y
**End of minor chunks list
Test 02 completed
Running test 03
**List of minor heap allocated 3 chunks
	chunk 0000	size 004	marked y
	chunk 0001	size 004	marked y
	chunk 0002	size 004	marked y
**End of minor chunks list
Test 03 completed
Running test 04
**List of minor heap allocated 3 chunks
	chunk 0000	size 004	marked y
	chunk 0001	size 004	marked y
	chunk 0002	size 004	marked y
**End of minor chunks list
Test 04 completed
Running test 05
**List of minor heap allocated 4 chunks
	chunk 0000	size 252	marked y
	chunk 0001	size 252	marked y
	chunk 0002	size 252	marked y
	chunk 0003	size 252	marked y
**End of minor chunks list
Test 05 completed
Running test 06
Test 06 completed
Running test 07
**List of major heap allocated chunks
	size 33554432	marked free
**End of major chunks list
Test 07 completed
Running test 08
**List of major heap allocated chunks
	size 33554432	marked white
**End of major chunks list
**List of major heap allocated chunks
	size 33554424	marked white
	size 008	marked white
**End of major chunks list
Test 08 completed
Running test 09
**List of stored references. 0 references.
**End of stored ref list
**List of stored references. 0 references.
**End of stored ref list
**List of stored references. 1 references.
	Reference at offset 00000000(minor)	->	(nil)
**End of stored ref list
**List of stored references. 3 references.
	Reference at offset 00000000(minor)	->	0x123456
	Reference at offset 0000fffc(minor)	->	(nil)
	Reference at offset 01fffffc(major)	->	(nil)
**End of stored ref list
**List of stored references. 2 references.
	Reference at offset 00000000(minor)	->	0x123456
	Reference at offset 0000fffc(minor)	->	(nil)
**End of stored ref list
**List of stored references. 3 references.
	Reference at offset 00000000(minor)	->	0x123456
	Reference at offset 0000fffc(minor)	->	(nil)
	Reference at offset 0000fff8(minor)	->	(nil)
**End of stored ref list
**List of stored references. 2 references.
	Reference at offset 00000000(minor)	->	0x123456
	Reference at offset 0000fffc(minor)	->	(nil)
**End of stored ref list
**List of stored references. 2 references.
	Empty slot
	Reference at offset 0000fffc(minor)	->	(nil)
**End of stored ref list
**List of stored references. 2 references.
	Reference at offset 00000000(minor)	->	0x123456
	Reference at offset 0000fffc(minor)	->	(nil)
**End of stored ref list
Test 09 completed
